exports[`test EnumCell renders 1`] = `
<ClickOutside
  onClickOutside={[Function]}>
  <div
    className="root">
    <Combobox
      autocomplete={true}
      autosize={true}
      className="root"
      onKeyDown={[Function]}
      onSelect={[Function]}
      options={Array []}
      value="asd" />
  </div>
</ClickOutside>
`;
