exports[`test ScalarListCell renders 1`] = `
<Connect(PopupWrapper)
  onClickOutside={[Function]}>
  <div
    className="flex bgBlack50 w100 h100 justifyCenter itemsCenter">
    <styled.div
      className="bgWhite flex flexColumn relative">
      <div
        className="header">
        <div
          className="filter">
          <Icon
            color="rgba(42,126,210,1)"
            height={30}
            src="test-file-stub"
            width={30} />
          <input
            onChange={[Function]}
            placeholder="Filter..."
            type="text"
            value="" />
          <Icon
            color="rgba(242,92,84,1)"
            height={30}
            onClick={[Function]}
            src="test-file-stub"
            width={30} />
        </div>
      </div>
      <div
        className="flexAuto">
        <div
          className="f14 flex flexRow justifyBetween black50 bb bBlack10 pa25 itemsCenter"
          onClick={[Function]}>
          <span
            className="addNewText">
            Add new item ...
          </span>
          <Icon
            className="disabled"
            color="rgba(42,126,210,1)"
            height={30}
            onClick={[Function]}
            src="test-file-stub"
            width={30} />
        </div>
        <div
          className="overflowYScroll flexAuto"
          style={
            Object {
              "maxHeight": "calc(100vh - 294px)",
            }
          }>
          <styled.div
            className="f14 flex flexRow justifyBetween black50 bb bBlack10 pa25 itemsCenter"
            onClick={[Function]}>
            <div>
              1
            </div>
            <Icon
              color="rgba(242,92,84,1)"
              height={30}
              onClick={[Function]}
              src="test-file-stub"
              width={30} />
          </styled.div>
          <styled.div
            className="f14 flex flexRow justifyBetween black50 bb bBlack10 pa25 itemsCenter"
            onClick={[Function]}>
            <div>
              2
            </div>
            <Icon
              color="rgba(242,92,84,1)"
              height={30}
              onClick={[Function]}
              src="test-file-stub"
              width={30} />
          </styled.div>
          <styled.div
            className="f14 flex flexRow justifyBetween black50 bb bBlack10 pa25 itemsCenter"
            onClick={[Function]}>
            <div>
              3
            </div>
            <Icon
              color="rgba(242,92,84,1)"
              height={30}
              onClick={[Function]}
              src="test-file-stub"
              width={30} />
          </styled.div>
        </div>
      </div>
      <div
        className="bgBlack04 pa25 flex flexRow justifyBetween itemsCenter">
        <styled.button
          onClick={[Function]}>
          Cancel
        </styled.button>
        <styled.button
          onClick={[Function]}>
          Save
        </styled.button>
      </div>
    </styled.div>
  </div>
</Connect(PopupWrapper)>
`;
